// Jest Snapshot v1, https://goo.gl/fbAQLP

exports[`renders correctly 1`] = `
<div
  className="calc"
>
  <h2>
    Math is fun, do math
  </h2>
  <main>
    <div
      className="calculator"
    >
      <div
        className="display"
      >
        0
      </div>
      <button
        className="key"
        onClick={[Function]}
        type="button"
        value="AC"
      >
        AC
      </button>
      <button
        className="key"
        onClick={[Function]}
        type="button"
        value="%"
      >
        %
      </button>
      <button
        className="key"
        onClick={[Function]}
        type="button"
        value="+/-"
      >
        +/-
      </button>
      <button
        className="key orange"
        onClick={[Function]}
        type="button"
        value="รท"
      >
        รท
      </button>
      <button
        className="key"
        onClick={[Function]}
        type="button"
        value="9"
      >
        9
      </button>
      <button
        className="key"
        onClick={[Function]}
        type="button"
        value="8"
      >
        8
      </button>
      <button
        className="key"
        onClick={[Function]}
        type="button"
        value="7"
      >
        7
      </button>
      <button
        className="key orange"
        onClick={[Function]}
        type="button"
        value="x"
      >
        x
      </button>
      <button
        className="key"
        onClick={[Function]}
        type="button"
        value="6"
      >
        6
      </button>
      <button
        className="key"
        onClick={[Function]}
        type="button"
        value="5"
      >
        5
      </button>
      <button
        className="key"
        onClick={[Function]}
        type="button"
        value="4"
      >
        4
      </button>
      <button
        className="key orange"
        onClick={[Function]}
        type="button"
        value="-"
      >
        -
      </button>
      <button
        className="key"
        onClick={[Function]}
        type="button"
        value="3"
      >
        3
      </button>
      <button
        className="key zero"
        onClick={[Function]}
        type="button"
        value="2"
      >
        2
      </button>
      <button
        className="key"
        onClick={[Function]}
        type="button"
        value="1"
      >
        1
      </button>
      <button
        className="key orange"
        onClick={[Function]}
        type="button"
        value="+"
      >
        +
      </button>
      <button
        className="key"
        id="zero"
        onClick={[Function]}
        type="button"
        value="0"
      >
        0
      </button>
      <button
        className="key"
        onClick={[Function]}
        type="button"
        value="."
      >
        .
      </button>
      <button
        className="key orange"
        onClick={[Function]}
        type="button"
        value="="
      >
        =
      </button>
    </div>
  </main>
</div>
`;
