// Jest Snapshot v1, https://goo.gl/fbAQLP

exports[`renders correctly 1`] = `
<div
  className="home"
>
  <h1>
    Welcome to our page!
  </h1>
  <p>
    Lorem ipsum dolor sit amet consectetur adipisicing elit. Ducimus suscipit, omnis eius pariatur libero ipsum. Magnam sint quisquam, corrupti eius vero ipsa ullam! Optio consectetur magnam nihil vero, quidem laboriosam!
    <br />
    Lorem ipsum dolor sit amet consectetur adipisicing elit. Ducimus suscipit, omnis eius pariatur libero ipsum. Magnam sint quisquam, corrupti eius vero ipsa ullam! Optio consectetur magnam nihil vero, quidem laboriosam! Lorem ipsum dolor sit amet consectetur adipisicing elit. Ducimus suscipit, omnis eius pariatur libero ipsum. Magnam sint quisquam, corrupti eius vero ipsa ullam! Optio consectetur magnam nihil vero, quidem laboriosam! Lorem ipsum dolor sit amet consectetur adipisicing elit. Ducimus suscipit, omnis eius pariatur libero ipsum. Magnam sint quisquam, corrupti eius vero ipsa ullam! Optio consectetur magnam nihil vero, quidem laboriosam!
    <br />
    Lorem ipsum dolor sit amet consectetur adipisicing elit. Ducimus suscipit, omnis eius pariatur libero ipsum. Magnam sint quisquam, corrupti eius vero ipsa ullam! Optio consectetur magnam nihil vero, quidem laboriosam! Lorem ipsum dolor sit amet consectetur adipisicing elit. Ducimus suscipit, omnis eius pariatur libero ipsum. Magnam sint quisquam, corrupti eius vero ipsa ullam! Optio consectetur magnam nihil vero, quidem laboriosam!
    <br />
    <br />
    Lorem ipsum dolor sit amet consectetur adipisicing elit. Ducimus suscipit, omnis eius pariatur libero ipsum. Magnam sint quisquam, corrupti eius vero ipsa ullam! Optio consectetur magnam nihil vero, quidem laboriosam! Lorem ipsum dolor sit amet consectetur adipisicing elit. Ducimus suscipit, omnis eius pariatur libero ipsum. Magnam sint quisquam, corrupti eius vero ipsa ullam! Optio consectetur magnam nihil vero, quidem laboriosam! Lorem ipsum dolor sit amet consectetur adipisicing elit. Ducimus suscipit, omnis eius pariatur libero ipsum. Magnam sint quisquam, corrupti eius vero ipsa ullam! Optio consectetur magnam nihil vero, quidem laboriosam! Lorem ipsum dolor sit amet consectetur adipisicing elit. Ducimus suscipit, omnis eius pariatur libero ipsum. Magnam sint quisquam, corrupti eius vero ipsa ullam! Optio consectetur magnam nihil vero, quidem laboriosam! Lorem ipsum dolor sit amet consectetur adipisicing elit. Ducimus suscipit, omnis eius pariatur libero ipsum. Magnam sint quisquam, corrupti eius vero ipsa ullam! Optio consectetur magnam nihil vero, quidem laboriosam! Lorem ipsum dolor sit amet consectetur adipisicing elit. Ducimus suscipit, omnis eius pariatur libero ipsum. Magnam sint quisquam, corrupti eius vero ipsa ullam! Optio consectetur magnam nihil vero, quidem laboriosam!
    <br />
    <br />
    Lorem ipsum dolor sit amet consectetur adipisicing elit. Ducimus suscipit, omnis eius pariatur libero ipsum. Magnam sint quisquam, corrupti eius vero ipsa ullam! Optio consectetur magnam nihil vero, quidem laboriosam! Lorem ipsum dolor sit amet consectetur adipisicing elit. Ducimus suscipit, omnis eius pariatur libero ipsum. Magnam sint quisquam, corrupti eius vero ipsa ullam! Optio consectetur magnam nihil vero, quidem laboriosam! Lorem ipsum dolor sit amet consectetur adipisicing elit. Ducimus suscipit, omnis eius pariatur libero ipsum. Magnam sint quisquam, corrupti eius vero ipsa ullam! Optio consectetur magnam nihil vero, quidem laboriosam! Lorem ipsum dolor sit amet consectetur adipisicing elit. Ducimus suscipit, omnis eius pariatur libero ipsum. Magnam sint quisquam, corrupti eius vero ipsa ullam! Optio consectetur magnam nihil vero, quidem laboriosam! Lorem ipsum dolor sit amet consectetur adipisicing elit. Ducimus suscipit, omnis eius pariatur libero ipsum. Magnam sint quisquam, corrupti eius vero ipsa ullam! Optio consectetur magnam nihil vero, quidem laboriosam! Lorem ipsum dolor sit amet consectetur adipisicing elit. Ducimus suscipit, omnis eius pariatur libero ipsum. Magnam sint quisquam, corrupti eius vero ipsa ullam! Optio consectetur magnam nihil vero, quidem laboriosam!
  </p>
</div>
`;
